✔ 週刊データセンターWatch (Impress): 15件取得
✔ Google News: AIインフラ 投資: 100件取得
✔ Google News: データセンター 電力: 100件取得
✔ Google News: データセンター: 102件取得
✔ Google News: 液冷・液浸冷却: 100件取得
✔ Data Center Dynamics: 20件取得
✔ Data Center Knowledge: 50件取得
✔ データセンターカフェ: 10件取得

新着 6件(重複除外後)
アーカイブ: tools\news-collector\data\archive\items-2026-07-08.json
ダイジェスト: tools\news-collector\data\digest\digest-2026-07-08.md
✔ 週刊データセンターWatch (Impress): 15件取得
✔ Data Center Dynamics: 20件取得
✔ Google News: データセンター: 102件取得
✔ Google News: AIインフラ 投資: 100件取得
✔ Google News: 液冷・液浸冷却: 100件取得
✔ Google News: データセンター 電力: 100件取得
✔ Data Center Knowledge: 50件取得
✔ データセンターカフェ: 10件取得

新着 34件(重複除外後)
アーカイブ: tools\news-collector\data\archive\items-2026-07-12.json
ダイジェスト: tools\news-collector\data\digest\digest-2026-07-12.md
✔ 週刊データセンターWatch (Impress): 15件取得
✔ Data Center Dynamics: 20件取得
✔ Google News: データセンター: 100件取得
✔ Google News: 液冷・液浸冷却: 100件取得
✔ Google News: AIインフラ 投資: 100件取得
✔ Google News: データセンター 電力: 100件取得
✔ Data Center Knowledge: 50件取得
✖ データセンターカフェ: The operation was aborted due to timeout

新着 97件(重複除外後)
アーカイブ: tools\news-collector\data\archive\items-2026-07-14.json
ダイジェスト: tools\news-collector\data\digest\digest-2026-07-14.md
✔ 週刊データセンターWatch (Impress): 15件取得
✔ Data Center Dynamics: 20件取得
✔ Google News: データセンター: 100件取得
✔ Google News: 液冷・液浸冷却: 100件取得
✔ Google News: AIインフラ 投資: 100件取得
✔ Google News: データセンター 電力: 100件取得
✔ Data Center Knowledge: 50件取得
✔ データセンターカフェ: 10件取得

新着 124件(重複除外後)
アーカイブ: tools\news-collector\data\archive\items-2026-07-19.json
ダイジェスト: tools\news-collector\data\digest\digest-2026-07-19.md
記事ドラフト生成: tools\news-collector\data\drafts\weekly-dc-news-2026-07-19.md
(draft: true 付き。加筆・一次ソース確認後に src/content/articles/ へ移動してください)
✔ 週刊データセンターWatch (Impress): 15件取得
✔ Data Center Dynamics: 20件取得
✔ Google News: 液冷・液浸冷却: 100件取得
✔ Google News: データセンター 電力: 100件取得
✔ Google News: データセンター: 102件取得
✔ Google News: AIインフラ 投資: 100件取得
✔ Data Center Knowledge: 50件取得
✔ データセンターカフェ: 10件取得

新着 19件(重複除外後)
アーカイブ: tools\news-collector\data\archive\items-2026-07-20.json
ダイジェスト: tools\news-collector\data\digest\digest-2026-07-20.md
✔ 週刊データセンターWatch (Impress): 15件取得
✔ Data Center Dynamics: 20件取得
✔ Google News: データセンター: 104件取得
✔ Google News: 液冷・液浸冷却: 100件取得
✔ Google News: AIインフラ 投資: 100件取得
✔ Google News: データセンター 電力: 100件取得
✔ Data Center Knowledge: 50件取得
✔ データセンターカフェ: 10件取得

新着 50件(重複除外後)
アーカイブ: tools\news-collector\data\archive\items-2026-07-21.json
ダイジェスト: tools\news-collector\data\digest\digest-2026-07-21.md
✔ 週刊データセンターWatch (Impress): 15件取得
✔ Data Center Dynamics: 20件取得
✔ Google News: データセンター: 100件取得
✔ Google News: 液冷・液浸冷却: 100件取得
✔ Google News: データセンター 電力: 100件取得
✔ Google News: AIインフラ 投資: 100件取得
✔ Data Center Knowledge: 50件取得
✔ データセンターカフェ: 10件取得

新着 113件(重複除外後)
アーカイブ: tools\news-collector\data\archive\items-2026-07-23.json
ダイジェスト: tools\news-collector\data\digest\digest-2026-07-23.md
✔ 週刊データセンターWatch (Impress): 15件取得
✔ Data Center Dynamics: 20件取得
✔ Google News: 液冷・液浸冷却: 100件取得
✔ Google News: AIインフラ 投資: 100件取得
✔ Google News: データセンター: 103件取得
✔ Google News: データセンター 電力: 100件取得
✔ Data Center Knowledge: 50件取得
✔ データセンターカフェ: 10件取得

新着 63件(重複除外後)
アーカイブ: tools\news-collector\data\archive\items-2026-07-24.json
ダイジェスト: tools\news-collector\data\digest\digest-2026-07-24.md
✔ 週刊データセンターWatch (Impress): 15件取得
✔ Data Center Dynamics: 20件取得
✔ Google News: データセンター 電力: 100件取得
✔ Google News: 液冷・液浸冷却: 100件取得
✔ Google News: データセンター: 100件取得
✔ Google News: AIインフラ 投資: 100件取得
✔ Data Center Knowledge: 50件取得
✔ データセンターカフェ: 10件取得

新着 235件(重複除外後)
アーカイブ: tools\news-collector\data\archive\items-2026-08-15.json
ダイジェスト: tools\news-collector\data\digest\digest-2026-08-15.md
記事ドラフト生成: tools\news-collector\data\drafts\weekly-dc-news-2026-08-15.md
(draft: true 付き。加筆・一次ソース確認後に src/content/articles/ へ移動してください)
✔ 週刊データセンターWatch (Impress): 15件取得
✔ Google News: データセンター 電力: 100件取得
✔ Google News: データセンター: 100件取得
✔ Google News: 液冷・液浸冷却: 100件取得
✔ Google News: AIインフラ 投資: 100件取得
✔ Data Center Knowledge: 50件取得
✔ Data Center Dynamics: 20件取得
✔ データセンターカフェ: 10件取得

新着 147件(重複除外後)
アーカイブ: tools\news-collector\data\archive\items-2026-08-19.json
ダイジェスト: tools\news-collector\data\digest\digest-2026-08-19.md
✔ Data Center Dynamics: 20件取得
✔ Google News: データセンター 電力: 100件取得
✔ 週刊データセンターWatch (Impress): 15件取得
✔ Google News: 液冷・液浸冷却: 100件取得
✔ Google News: AIインフラ 投資: 100件取得
✔ Google News: データセンター: 100件取得
✔ Data Center Knowledge: 50件取得
✔ データセンターカフェ: 10件取得

新着 113件(重複除外後)
アーカイブ: tools\news-collector\data\archive\items-2026-08-21.json
ダイジェスト: tools\news-collector\data\digest\digest-2026-08-21.md
✔ 週刊データセンターWatch (Impress): 15件取得
✔ Data Center Dynamics: 20件取得
✔ Google News: データセンター 電力: 100件取得
✔ Google News: 液冷・液浸冷却: 100件取得
✔ Google News: AIインフラ 投資: 100件取得
✔ Google News: データセンター: 101件取得
✔ Data Center Knowledge: 50件取得
✔ データセンターカフェ: 10件取得

新着 34件(重複除外後)
アーカイブ: tools\news-collector\data\archive\items-2026-08-22.json
ダイジェスト: tools\news-collector\data\digest\digest-2026-08-22.md
